Archive member included because of file (symbol)

c:/program files (x86)/atmel/atmel toolchain/avr8 gcc/native/3.4.1061/avr8-gnu-toolchain/bin/../lib/gcc/avr/4.8.1/../../../../avr/lib/avr5\libm.a(addsf3.o)
                              libs/Print.o (__subsf3)
c:/program files (x86)/atmel/atmel toolchain/avr8 gcc/native/3.4.1061/avr8-gnu-toolchain/bin/../lib/gcc/avr/4.8.1/../../../../avr/lib/avr5\libm.a(addsf3x.o)
                              c:/program files (x86)/atmel/atmel toolchain/avr8 gcc/native/3.4.1061/avr8-gnu-toolchain/bin/../lib/gcc/avr/4.8.1/../../../../avr/lib/avr5\libm.a(addsf3.o) (__addsf3x)
c:/program files (x86)/atmel/atmel toolchain/avr8 gcc/native/3.4.1061/avr8-gnu-toolchain/bin/../lib/gcc/avr/4.8.1/../../../../avr/lib/avr5\libm.a(cmpsf2.o)
                              libs/Print.o (__ltsf2)
c:/program files (x86)/atmel/atmel toolchain/avr8 gcc/native/3.4.1061/avr8-gnu-toolchain/bin/../lib/gcc/avr/4.8.1/../../../../avr/lib/avr5\libm.a(divsf3.o)
                              libs/Print.o (__divsf3)
c:/program files (x86)/atmel/atmel toolchain/avr8 gcc/native/3.4.1061/avr8-gnu-toolchain/bin/../lib/gcc/avr/4.8.1/../../../../avr/lib/avr5\libm.a(divsf3x.o)
                              c:/program files (x86)/atmel/atmel toolchain/avr8 gcc/native/3.4.1061/avr8-gnu-toolchain/bin/../lib/gcc/avr/4.8.1/../../../../avr/lib/avr5\libm.a(divsf3.o) (__divsf3x)
c:/program files (x86)/atmel/atmel toolchain/avr8 gcc/native/3.4.1061/avr8-gnu-toolchain/bin/../lib/gcc/avr/4.8.1/../../../../avr/lib/avr5\libm.a(fixsfsi.o)
                              libs/Print.o (__fixsfsi)
c:/program files (x86)/atmel/atmel toolchain/avr8 gcc/native/3.4.1061/avr8-gnu-toolchain/bin/../lib/gcc/avr/4.8.1/../../../../avr/lib/avr5\libm.a(fixunssfsi.o)
                              libs/Print.o (__fixunssfsi)
c:/program files (x86)/atmel/atmel toolchain/avr8 gcc/native/3.4.1061/avr8-gnu-toolchain/bin/../lib/gcc/avr/4.8.1/../../../../avr/lib/avr5\libm.a(floatsisf.o)
                              libs/Print.o (__floatunsisf)
c:/program files (x86)/atmel/atmel toolchain/avr8 gcc/native/3.4.1061/avr8-gnu-toolchain/bin/../lib/gcc/avr/4.8.1/../../../../avr/lib/avr5\libm.a(fp_cmp.o)
                              c:/program files (x86)/atmel/atmel toolchain/avr8 gcc/native/3.4.1061/avr8-gnu-toolchain/bin/../lib/gcc/avr/4.8.1/../../../../avr/lib/avr5\libm.a(cmpsf2.o) (__fp_cmp)
c:/program files (x86)/atmel/atmel toolchain/avr8 gcc/native/3.4.1061/avr8-gnu-toolchain/bin/../lib/gcc/avr/4.8.1/../../../../avr/lib/avr5\libm.a(fp_inf.o)
                              c:/program files (x86)/atmel/atmel toolchain/avr8 gcc/native/3.4.1061/avr8-gnu-toolchain/bin/../lib/gcc/avr/4.8.1/../../../../avr/lib/avr5\libm.a(addsf3x.o) (__fp_inf)
c:/program files (x86)/atmel/atmel toolchain/avr8 gcc/native/3.4.1061/avr8-gnu-toolchain/bin/../lib/gcc/avr/4.8.1/../../../../avr/lib/avr5\libm.a(fp_nan.o)
                              c:/program files (x86)/atmel/atmel toolchain/avr8 gcc/native/3.4.1061/avr8-gnu-toolchain/bin/../lib/gcc/avr/4.8.1/../../../../avr/lib/avr5\libm.a(addsf3x.o) (__fp_nan)
c:/program files (x86)/atmel/atmel toolchain/avr8 gcc/native/3.4.1061/avr8-gnu-toolchain/bin/../lib/gcc/avr/4.8.1/../../../../avr/lib/avr5\libm.a(fp_pscA.o)
                              c:/program files (x86)/atmel/atmel toolchain/avr8 gcc/native/3.4.1061/avr8-gnu-toolchain/bin/../lib/gcc/avr/4.8.1/../../../../avr/lib/avr5\libm.a(addsf3x.o) (__fp_pscA)
c:/program files (x86)/atmel/atmel toolchain/avr8 gcc/native/3.4.1061/avr8-gnu-toolchain/bin/../lib/gcc/avr/4.8.1/../../../../avr/lib/avr5\libm.a(fp_pscB.o)
                              c:/program files (x86)/atmel/atmel toolchain/avr8 gcc/native/3.4.1061/avr8-gnu-toolchain/bin/../lib/gcc/avr/4.8.1/../../../../avr/lib/avr5\libm.a(addsf3x.o) (__fp_pscB)
c:/program files (x86)/atmel/atmel toolchain/avr8 gcc/native/3.4.1061/avr8-gnu-toolchain/bin/../lib/gcc/avr/4.8.1/../../../../avr/lib/avr5\libm.a(fp_round.o)
                              c:/program files (x86)/atmel/atmel toolchain/avr8 gcc/native/3.4.1061/avr8-gnu-toolchain/bin/../lib/gcc/avr/4.8.1/../../../../avr/lib/avr5\libm.a(addsf3.o) (__fp_round)
c:/program files (x86)/atmel/atmel toolchain/avr8 gcc/native/3.4.1061/avr8-gnu-toolchain/bin/../lib/gcc/avr/4.8.1/../../../../avr/lib/avr5\libm.a(fp_split3.o)
                              c:/program files (x86)/atmel/atmel toolchain/avr8 gcc/native/3.4.1061/avr8-gnu-toolchain/bin/../lib/gcc/avr/4.8.1/../../../../avr/lib/avr5\libm.a(addsf3x.o) (__fp_split3)
c:/program files (x86)/atmel/atmel toolchain/avr8 gcc/native/3.4.1061/avr8-gnu-toolchain/bin/../lib/gcc/avr/4.8.1/../../../../avr/lib/avr5\libm.a(fp_zero.o)
                              c:/program files (x86)/atmel/atmel toolchain/avr8 gcc/native/3.4.1061/avr8-gnu-toolchain/bin/../lib/gcc/avr/4.8.1/../../../../avr/lib/avr5\libm.a(addsf3x.o) (__fp_zero)
[...]
Memory Configuration

Name             Origin             Length             Attributes
text             0x00000000         0x00020000         xr
data             0x00800060         0x0000ffa0         rw !x
eeprom           0x00810000         0x00010000         rw !x
fuse             0x00820000         0x00000400         rw !x
lock             0x00830000         0x00000400         rw !x
signature        0x00840000         0x00000400         rw !x
user_signatures  0x00850000         0x00000400         rw !x
*default*        0x00000000         0xffffffff

Linker script and memory map

Address of section .data set to 0x800100
LOAD c:/program files (x86)/atmel/atmel toolchain/avr8 gcc/native/3.4.1061/avr8-gnu-toolchain/bin/../lib/gcc/avr/4.8.1/../../../../avr/lib/avr5/crtm16u4.o
LOAD libs/abi.o
LOAD libs/CDC.o
LOAD libs/HardwareSerial.o
LOAD libs/HardwareSerial0.o
LOAD libs/HardwareSerial1.o
LOAD libs/HardwareSerial2.o
LOAD libs/HardwareSerial3.o
LOAD libs/HID.o
LOAD libs/hooks.o
LOAD libs/IPAddress.o
LOAD libs/new.o
LOAD libs/Print.o
LOAD libs/Stream.o
LOAD libs/Tone.o
LOAD libs/USBCore.o
LOAD libs/WInterrupts.o
LOAD libs/wiring.o
LOAD libs/wiring_analog.o
LOAD libs/wiring_digital.o
LOAD libs/wiring_pulse.o
LOAD libs/wiring_shift.o
LOAD libs/WMath.o
LOAD libs/WString.o
LOAD power savings.o
START GROUP
LOAD c:/program files (x86)/atmel/atmel toolchain/avr8 gcc/native/3.4.1061/avr8-gnu-toolchain/bin/../lib/gcc/avr/4.8.1/../../../../avr/lib/avr5\libm.a
END GROUP
LOAD c:/program files (x86)/atmel/atmel toolchain/avr8 gcc/native/3.4.1061/avr8-gnu-toolchain/bin/../lib/gcc/avr/4.8.1/avr5\libgcc.a
LOAD c:/program files (x86)/atmel/atmel toolchain/avr8 gcc/native/3.4.1061/avr8-gnu-toolchain/bin/../lib/gcc/avr/4.8.1/../../../../avr/lib/avr5\libm.a
START GROUP
LOAD c:/program files (x86)/atmel/atmel toolchain/avr8 gcc/native/3.4.1061/avr8-gnu-toolchain/bin/../lib/gcc/avr/4.8.1/avr5\libgcc.a
LOAD c:/program files (x86)/atmel/atmel toolchain/avr8 gcc/native/3.4.1061/avr8-gnu-toolchain/bin/../lib/gcc/avr/4.8.1/../../../../avr/lib/avr5\libm.a
LOAD c:/program files (x86)/atmel/atmel toolchain/avr8 gcc/native/3.4.1061/avr8-gnu-toolchain/bin/../lib/gcc/avr/4.8.1/../../../../avr/lib/avr5\libc.a
END GROUP

.hash
 *(.hash)

.dynsym
 *(.dynsym)

.dynstr
 *(.dynstr)

.gnu.version
 *(.gnu.version)

.gnu.version_d
 *(.gnu.version_d)

.gnu.version_r
 *(.gnu.version_r)

.rel.init
 *(.rel.init)

.rela.init
 *(.rela.init)

.rel.text
 *(.rel.text)
 *(.rel.text.*)
 *(.rel.gnu.linkonce.t*)

.rela.text
 *(.rela.text)
 *(.rela.text.*)
 *(.rela.gnu.linkonce.t*)

.rel.fini
 *(.rel.fini)

.rela.fini
 *(.rela.fini)

.rel.rodata
 *(.rel.rodata)
 *(.rel.rodata.*)
 *(.rel.gnu.linkonce.r*)

.rela.rodata
 *(.rela.rodata)
 *(.rela.rodata.*)
 *(.rela.gnu.linkonce.r*)

.rel.data
 *(.rel.data)
 *(.rel.data.*)
 *(.rel.gnu.linkonce.d*)

.rela.data
 *(.rela.data)
 *(.rela.data.*)
 *(.rela.gnu.linkonce.d*)

.rel.ctors
 *(.rel.ctors)

.rela.ctors
 *(.rela.ctors)

.rel.dtors
 *(.rel.dtors)

.rela.dtors
 *(.rela.dtors)

.rel.got
 *(.rel.got)

.rela.got
 *(.rela.got)

.rel.bss
 *(.rel.bss)

.rela.bss
 *(.rela.bss)

.rel.plt
 *(.rel.plt)

.rela.plt
 *(.rela.plt)

.text           0x00000000     0x19b6
 *(.vectors)
 .vectors       0x00000000       0xac c:/program files (x86)/atmel/atmel toolchain/avr8 gcc/native/3.4.1061/avr8-gnu-toolchain/bin/../lib/gcc/avr/4.8.1/../../../../avr/lib/avr5/crtm16u4.o
                0x00000000                __vector_default
                0x00000000                __vectors
 *(.vectors)
 *(.progmem.gcc*)
                0x000000ac                . = ALIGN (0x2)
                0x000000ac                __trampolines_start = .
 *(.trampolines)
 .trampolines   0x000000ac        0x0 linker stubs
 *(.trampolines*)
                0x000000ac                __trampolines_end = .
 *(.progmem*)
 .progmem.data._cdcInterface
                0x000000ac       0x42 libs/CDC.o
                0x000000ac                _cdcInterface
 .progmem.data._asciimap
                0x000000ee       0x80 libs/HID.o
                0x000000ee                _asciimap
 .progmem.data._hidInterface
                0x0000016e       0x19 libs/HID.o
                0x0000016e                _hidInterface
 .progmem.data._hidReportDescriptor
                0x00000187       0x65 libs/HID.o
                0x00000187                _hidReportDescriptor
 .progmem.data._initEndpoints
                0x000001ec        0x5 libs/USBCore.o
                0x000001ec                _initEndpoints
 .progmem.data.USB_DeviceDescriptorA
                0x000001f1       0x12 libs/USBCore.o
                0x000001f1                USB_DeviceDescriptorA
 .progmem.data.USB_DeviceDescriptor
                0x00000203       0x12 libs/USBCore.o
                0x00000203                USB_DeviceDescriptor
 .progmem.data.STRING_MANUFACTURER
                0x00000215        0x9 libs/USBCore.o
                0x00000215                STRING_MANUFACTURER
 .progmem.data.STRING_PRODUCT
                0x0000021e        0xd libs/USBCore.o
                0x0000021e                STRING_PRODUCT
 .progmem.data.STRING_LANGUAGE
                0x0000022b        0x4 libs/USBCore.o
                0x0000022b                STRING_LANGUAGE
                0x00000230                . = ALIGN (0x2)
 *fill*         0x0000022f        0x1 
 *(.jumptables)
 *(.jumptables*)
 *(.lowtext)
 *(.lowtext*)
                0x00000230                __ctors_start = .
 *(.ctors)
 .ctors         0x00000230        0x2 libs/CDC.o
 .ctors         0x00000232        0x2 libs/HardwareSerial1.o
 .ctors         0x00000234        0x2 libs/HID.o
 .ctors         0x00000236        0x2 libs/IPAddress.o
                0x00000238                __ctors_end = .
                0x00000238                __dtors_start = .
 *(.dtors)
                0x00000238                __dtors_end = .
 SORT(*)(.ctors)
 SORT(*)(.dtors)
 *(.init0)
 .init0         0x00000238        0x0 c:/program files (x86)/atmel/atmel toolchain/avr8 gcc/native/3.4.1061/avr8-gnu-toolchain/bin/../lib/gcc/avr/4.8.1/../../../../avr/lib/avr5/crtm16u4.o
                0x00000238                __init
 *(.init0)
 *(.init1)
 *(.init1)
 *(.init2)
 .init2         0x00000238        0xc c:/program files (x86)/atmel/atmel toolchain/avr8 gcc/native/3.4.1061/avr8-gnu-toolchain/bin/../lib/gcc/avr/4.8.1/../../../../avr/lib/avr5/crtm16u4.o
 *(.init2)
 *(.init3)
 *(.init3)
 *(.init4)
 .init4         0x00000244       0x16 c:/program files (x86)/atmel/atmel toolchain/avr8 gcc/native/3.4.1061/avr8-gnu-toolchain/bin/../lib/gcc/avr/4.8.1/avr5\libgcc.a(_copy_data.o)
                0x00000244                __do_copy_data
 .init4         0x0000025a       0x10 c:/program files (x86)/atmel/atmel toolchain/avr8 gcc/native/3.4.1061/avr8-gnu-toolchain/bin/../lib/gcc/avr/4.8.1/avr5\libgcc.a(_clear_bss.o)
                0x0000025a                __do_clear_bss
 *(.init4)
 *(.init5)
 *(.init5)
 *(.init6)
 .init6         0x0000026a       0x16 c:/program files (x86)/atmel/atmel toolchain/avr8 gcc/native/3.4.1061/avr8-gnu-toolchain/bin/../lib/gcc/avr/4.8.1/avr5\libgcc.a(_ctors.o)
                0x0000026a                __do_global_ctors
 *(.init6)
 *(.init7)
 *(.init7)
 *(.init8)
 *(.init8)
 *(.init9)
 .init9         0x00000280        0x8 c:/program files (x86)/atmel/atmel toolchain/avr8 gcc/native/3.4.1061/avr8-gnu-toolchain/bin/../lib/gcc/avr/4.8.1/../../../../avr/lib/avr5/crtm16u4.o
 *(.init9)
 *(.text)
 .text          0x00000288        0x4 c:/program files (x86)/atmel/atmel toolchain/avr8 gcc/native/3.4.1061/avr8-gnu-toolchain/bin/../lib/gcc/avr/4.8.1/../../../../avr/lib/avr5/crtm16u4.o
                0x00000288                __vector_38
                0x00000288                __vector_22
                0x00000288                __vector_28
                0x00000288                __vector_32
                0x00000288                __vector_34
                0x00000288                __vector_24
                0x00000288                __vector_12
                0x00000288                __bad_interrupt
                0x00000288                __vector_6
                0x00000288                __vector_31
                0x00000288                __vector_35
                0x00000288                __vector_39
                0x00000288                __vector_30
                0x00000288                __vector_13
                0x00000288                __vector_17
                0x00000288                __vector_19
                0x00000288                __vector_41
                0x00000288                __vector_27
                0x00000288                __vector_5
                0x00000288                __vector_33
                0x00000288                __vector_37
                0x00000288                __vector_9
                0x00000288                __vector_21
                0x00000288                __vector_15
                0x00000288                __vector_36
                0x00000288                __vector_29
                0x00000288                __vector_40
                0x00000288                __vector_8
                0x00000288                __vector_14
                0x00000288                __vector_16
                0x00000288                __vector_18
                0x00000288                __vector_20
                0x00000288                __vector_42
                0x0000028c                . = ALIGN (0x2)
 *(.text.*)
 .text._ZN7Serial_5writeEh
                0x0000028c       0x2c libs/CDC.o
                0x0000028c                _ZN7Serial_5writeEh
 .text._ZN7Serial_9availableEv
                0x000002b8       0x20 libs/CDC.o
                0x000002b8                _ZN7Serial_9availableEv
 .text._ZN7Serial_4peekEv
                0x000002d8       0x22 libs/CDC.o
                0x000002d8                _ZN7Serial_4peekEv
 .text._ZN7Serial_4readEv
                0x000002fa       0x1c libs/CDC.o
                0x000002fa                _ZN7Serial_4readEv
 .text._ZN7Serial_5flushEv
                0x00000316        0x8 libs/CDC.o
                0x00000316                _ZN7Serial_5flushEv
 .text._ZN7Serial_5writeEPKhj
                0x0000031e       0x40 libs/CDC.o
                0x0000031e                _ZN7Serial_5writeEPKhj
 .text._Z16CDC_GetInterfacePh
                0x0000035e       0x18 libs/CDC.o
                0x0000035e                _Z16CDC_GetInterfacePh
 .text._Z9CDC_SetupR5Setup
                0x00000376       0xb4 libs/CDC.o
                0x00000376                _Z9CDC_SetupR5Setup
 .text._GLOBAL__sub_I__cdcInterface
                0x0000042a       0x3a libs/CDC.o
 .text._ZN14HardwareSerial9availableEv
                0x00000464       0x16 libs/HardwareSerial.o
                0x00000464                _ZN14HardwareSerial9availableEv
 .text._ZN14HardwareSerial4peekEv
                0x0000047a       0x1c libs/HardwareSerial.o
                0x0000047a                _ZN14HardwareSerial4peekEv
 .text._ZN14HardwareSerial4readEv
                0x00000496       0x28 libs/HardwareSerial.o
                0x00000496                _ZN14HardwareSerial4readEv
 .text._ZN14HardwareSerial17_tx_udr_empty_irqEv
                0x000004be       0x42 libs/HardwareSerial.o
                0x000004be                _ZN14HardwareSerial17_tx_udr_empty_irqEv
 .text._ZN14HardwareSerial5flushEv
                0x00000500       0x4a libs/HardwareSerial.o
                0x00000500                _ZN14HardwareSerial5flushEv
 .text._ZN14HardwareSerial5writeEh
                0x0000054a       0x88 libs/HardwareSerial.o
                0x0000054a                _ZN14HardwareSerial5writeEh
 .text._ZN14HardwareSerial5beginEmh
                0x000005d2       0xc0 libs/HardwareSerial.o
                0x000005d2                _ZN14HardwareSerial5beginEmh
 .text.__vector_25
                0x00000692       0x76 libs/HardwareSerial1.o
                0x00000692                __vector_25
 .text.__vector_26
                0x00000708       0x4c libs/HardwareSerial1.o
                0x00000708                __vector_26
 .text._GLOBAL__sub_I___vector_25
                0x00000754       0x86 libs/HardwareSerial1.o
 .text._ZN9Keyboard_5writeEh
                0x000007da       0x3c libs/HID.o
                0x000007da                _ZN9Keyboard_5writeEh
 .text._Z16HID_GetInterfacePh
                0x00000816       0x18 libs/HID.o
                0x00000816                _Z16HID_GetInterfacePh
 .text._Z17HID_GetDescriptori
                0x0000082e       0x10 libs/HID.o
                0x0000082e                _Z17HID_GetDescriptori
 .text._Z14HID_SendReporthPKvi
                0x0000083e       0x42 libs/HID.o
                0x0000083e                _Z14HID_SendReporthPKvi
 .text._Z9HID_SetupR5Setup
                0x00000880       0x3e libs/HID.o
                0x00000880                _Z9HID_SetupR5Setup
 .text._ZN6Mouse_C2Ev
                0x000008be        0x6 libs/HID.o
                0x000008be                _ZN6Mouse_C2Ev
                0x000008be                _ZN6Mouse_C1Ev
 .text._ZN9Keyboard_C2Ev
                0x000008c4       0x10 libs/HID.o
                0x000008c4                _ZN9Keyboard_C1Ev
                0x000008c4                _ZN9Keyboard_C2Ev
 .text._ZN9Keyboard_10sendReportEP9KeyReport
                0x000008d4        0xc libs/HID.o
                0x000008d4                _ZN9Keyboard_10sendReportEP9KeyReport
 .text._ZN9Keyboard_5pressEh
                0x000008e0      0x104 libs/HID.o
                0x000008e0                _ZN9Keyboard_5pressEh
 .text._ZN9Keyboard_7releaseEh
                0x000009e4       0x84 libs/HID.o
                0x000009e4                _ZN9Keyboard_7releaseEh
 .text._ZN9Keyboard_10releaseAllEv
                0x00000a68       0x1c libs/HID.o
                0x00000a68                _ZN9Keyboard_10releaseAllEv
 .text._GLOBAL__sub_I_Mouse
                0x00000a84       0x12 libs/HID.o
 .text.__empty  0x00000a96        0x2 libs/hooks.o
                0x00000a96                yield
 .text._ZNK9IPAddress7printToER5Print
                0x00000a98       0x74 libs/IPAddress.o
                0x00000a98                _ZNK9IPAddress7printToER5Print
 .text._ZN9IPAddressC2Ehhhh
                0x00000b0c       0x18 libs/IPAddress.o
                0x00000b0c                _ZN9IPAddressC2Ehhhh
                0x00000b0c                _ZN9IPAddressC1Ehhhh
 .text._GLOBAL__sub_I__ZN9IPAddressC2Ev
                0x00000b24       0x16 libs/IPAddress.o
 .text._ZN5Print5writeEPKhj
                0x00000b3a       0x5c libs/Print.o
                0x00000b3a                _ZN5Print5writeEPKhj
 .text._ZN5Print5printEPKc
                0x00000b96       0x2c libs/Print.o
                0x00000b96                _ZN5Print5printEPKc
 .text._ZN5Print5printEc
                0x00000bc2       0x10 libs/Print.o
                0x00000bc2                _ZN5Print5printEc
 .text._ZN5Print7printlnEv
                0x00000bd2       0x28 libs/Print.o
                0x00000bd2                _ZN5Print7printlnEv
 .text._ZN5Print7printlnEPKc
                0x00000bfa       0x24 libs/Print.o
                0x00000bfa                _ZN5Print7printlnEPKc
 .text._ZN5Print11printNumberEmh
                0x00000c1e       0xf6 libs/Print.o
                0x00000c1e                _ZN5Print11printNumberEmh
 .text._ZN5Print5printEmi
                0x00000d14       0x1e libs/Print.o
                0x00000d14                _ZN5Print5printEmi
 .text._ZN5Print5printEhi
                0x00000d32       0x10 libs/Print.o
                0x00000d32                _ZN5Print5printEhi
 .text._ZL11SendControlh
                0x00000d42       0x5e libs/USBCore.o
 .text._ZL24USB_SendStringDescriptorPKhh
                0x00000da0       0x56 libs/USBCore.o
 .text._Z4RecvPVhh
                0x00000df6       0x28 libs/USBCore.o
                0x00000df6                _Z4RecvPVhh
 .text._Z13USB_Availableh
                0x00000e1e       0x12 libs/USBCore.o
                0x00000e1e                _Z13USB_Availableh
 .text._Z8USB_RecvhPvi
                0x00000e30       0x6a libs/USBCore.o
                0x00000e30                _Z8USB_RecvhPvi
 .text._Z8USB_Recvh
                0x00000e9a       0x2e libs/USBCore.o
                0x00000e9a                _Z8USB_Recvh
 .text._Z13USB_SendSpaceh
                0x00000ec8       0x22 libs/USBCore.o
                0x00000ec8                _Z13USB_SendSpaceh
 .text._Z8USB_SendhPKvi
                0x00000eea      0x178 libs/USBCore.o
                0x00000eea                _Z8USB_SendhPKvi
 .text._Z11InitControli
                0x00001062       0x16 libs/USBCore.o
                0x00001062                _Z11InitControli
 .text._Z15USB_SendControlhPKvi
                0x00001078       0x64 libs/USBCore.o
                0x00001078                _Z15USB_SendControlhPKvi
 .text._Z15USB_RecvControlPvi
                0x000010dc       0x28 libs/USBCore.o
                0x000010dc                _Z15USB_RecvControlPvi
 .text._Z14SendInterfacesv
                0x00001104       0x28 libs/USBCore.o
                0x00001104                _Z14SendInterfacesv
 .text.__vector_11
                0x0000112c      0x294 libs/USBCore.o
                0x0000112c                __vector_11
 .text._Z9USB_Flushh
                0x000013c0       0x14 libs/USBCore.o
                0x000013c0                _Z9USB_Flushh
 .text.__vector_10
                0x000013d4       0xa8 libs/USBCore.o
                0x000013d4                __vector_10
 .text.__vector_1
                0x0000147c       0x5a libs/WInterrupts.o
                0x0000147c                __vector_1
 .text.__vector_2
                0x000014d6       0x5a libs/WInterrupts.o
                0x000014d6                __vector_2
 .text.__vector_3
                0x00001530       0x5a libs/WInterrupts.o
                0x00001530                __vector_3
 .text.__vector_4
                0x0000158a       0x5a libs/WInterrupts.o
                0x0000158a                __vector_4
 .text.__vector_7
                0x000015e4       0x5a libs/WInterrupts.o
                0x000015e4                __vector_7
 .text.__vector_23
                0x0000163e       0xf6 libs/wiring.o
                0x0000163e                __vector_23
 .text.micros   0x00001734       0x66 libs/wiring.o
                0x00001734                micros
 .text.delay    0x0000179a       0x58 libs/wiring.o
                0x0000179a                delay
 .text.init     0x000017f2       0xa6 libs/wiring.o
                0x000017f2                init
 .text.main     0x00001898       0x76 power savings.o
                0x00001898                main
 .text.libgcc.mul
                0x0000190e       0x20 c:/program files (x86)/atmel/atmel toolchain/avr8 gcc/native/3.4.1061/avr8-gnu-toolchain/bin/../lib/gcc/avr/4.8.1/avr5\libgcc.a(_mulsi3.o)
                0x0000190e                __mulsi3
 .text.libgcc.div
                0x0000192e       0x44 c:/program files (x86)/atmel/atmel toolchain/avr8 gcc/native/3.4.1061/avr8-gnu-toolchain/bin/../lib/gcc/avr/4.8.1/avr5\libgcc.a(_udivmodsi4.o)
                0x0000192e                __udivmodsi4
 .text.libgcc   0x00001972        0xc c:/program files (x86)/atmel/atmel toolchain/avr8 gcc/native/3.4.1061/avr8-gnu-toolchain/bin/../lib/gcc/avr/4.8.1/avr5\libgcc.a(_tablejump.o)
                0x00001972                __tablejump2__
                0x00001976                __tablejump__
 .text.libgcc.mul
                0x0000197e       0x16 c:/program files (x86)/atmel/atmel toolchain/avr8 gcc/native/3.4.1061/avr8-gnu-toolchain/bin/../lib/gcc/avr/4.8.1/avr5\libgcc.a(_muluhisi3.o)
                0x0000197e                __muluhisi3
 .text.libgcc.mul
                0x00001994       0x1e c:/program files (x86)/atmel/atmel toolchain/avr8 gcc/native/3.4.1061/avr8-gnu-toolchain/bin/../lib/gcc/avr/4.8.1/avr5\libgcc.a(_umulhisi3.o)
                0x00001994                __umulhisi3
                0x000019b2                . = ALIGN (0x2)
 *(.fini9)
 .fini9         0x000019b2        0x0 c:/program files (x86)/atmel/atmel toolchain/avr8 gcc/native/3.4.1061/avr8-gnu-toolchain/bin/../lib/gcc/avr/4.8.1/avr5\libgcc.a(_exit.o)
                0x000019b2                _exit
                0x000019b2                exit
 *(.fini9)
 *(.fini8)
 *(.fini8)
 *(.fini7)
 *(.fini7)
 *(.fini6)
 *(.fini6)
 *(.fini5)
 *(.fini5)
 *(.fini4)
 *(.fini4)
 *(.fini3)
 *(.fini3)
 *(.fini2)
 *(.fini2)
 *(.fini1)
 *(.fini1)
 *(.fini0)
 .fini0         0x000019b2        0x4 c:/program files (x86)/atmel/atmel toolchain/avr8 gcc/native/3.4.1061/avr8-gnu-toolchain/bin/../lib/gcc/avr/4.8.1/avr5\libgcc.a(_exit.o)
 *(.fini0)
                0x000019b6                _etext = .

.data           0x00800100       0x44 load address 0x000019b6
                0x00800100                PROVIDE (__data_start, .)
 *(.data)
 *(.data*)
 .data._ZL12_usbLineInfo
                0x00800100        0x8 libs/CDC.o
 .data._hid_idle
                0x00800108        0x1 libs/HID.o
                0x00800108                _hid_idle
 .data._hid_protocol
                0x00800109        0x1 libs/HID.o
                0x00800109                _hid_protocol
 *(.rodata)
 *(.rodata*)
 .rodata._ZTV7Serial_
                0x0080010a       0x10 libs/CDC.o
                0x0080010a                _ZTV7Serial_
 .rodata._ZTV14HardwareSerial
                0x0080011a       0x10 libs/HardwareSerial.o
                0x0080011a                _ZTV14HardwareSerial
 .rodata._ZTV9Keyboard_
                0x0080012a        0xe libs/HID.o
                0x0080012a                _ZTV9Keyboard_
 .rodata._ZTV9IPAddress
                0x00800138        0x6 libs/IPAddress.o
                0x00800138                _ZTV9IPAddress
 .rodata.str1.1
                0x0080013e        0x6 power savings.o
 *(.gnu.linkonce.d*)
                0x00800144                . = ALIGN (0x2)
                0x00800144                _edata = .
                0x00800144                PROVIDE (__data_end, .)

.bss            0x00800144      0x115
                0x00800144                PROVIDE (__bss_start, .)
 *(.bss)
 *(.bss*)
 .bss.Serial    0x00800144       0x50 libs/CDC.o
                0x00800144                Serial
 .bss.Serial1   0x00800194       0x9d libs/HardwareSerial1.o
                0x00800194                Serial1
 .bss.Keyboard  0x00800231        0xc libs/HID.o
                0x00800231                Keyboard
 .bss.Mouse     0x0080023d        0x1 libs/HID.o
                0x0080023d                Mouse
 .bss._ZL11INADDR_NONE
                0x0080023e        0x6 libs/IPAddress.o
 .bss._cdcComposite
                0x00800244        0x1 libs/USBCore.o
                0x00800244                _cdcComposite
 .bss._cend     0x00800245        0x2 libs/USBCore.o
                0x00800245                _cend
 .bss._cmark    0x00800247        0x2 libs/USBCore.o
                0x00800247                _cmark
 .bss._usbConfiguration
                0x00800249        0x1 libs/USBCore.o
                0x00800249                _usbConfiguration
 .bss.RxLEDPulse
                0x0080024a        0x1 libs/USBCore.o
                0x0080024a                RxLEDPulse
 .bss.TxLEDPulse
                0x0080024b        0x1 libs/USBCore.o
                0x0080024b                TxLEDPulse
 .bss.intFunc   0x0080024c        0x4 libs/WInterrupts.o
 .bss.timer0_fract
                0x00800250        0x1 libs/wiring.o
 .bss.timer0_millis
                0x00800251        0x4 libs/wiring.o
                0x00800251                timer0_millis
 .bss.timer0_overflow_count
                0x00800255        0x4 libs/wiring.o
                0x00800255                timer0_overflow_count
 *(COMMON)
                0x00800259                PROVIDE (__bss_end, .)
                0x000019b6                __data_load_start = LOADADDR (.data)
                0x000019fa                __data_load_end = (__data_load_start + SIZEOF (.data))

.noinit         0x00800259        0x0
                0x00800259                PROVIDE (__noinit_start, .)
 *(.noinit*)
                0x00800259                PROVIDE (__noinit_end, .)
                0x00800259                _end = .
                0x00800259                PROVIDE (__heap_start, .)

.eeprom         0x00810000        0x0
 *(.eeprom*)
                0x00810000                __eeprom_end = .

.fuse
 *(.fuse)
 *(.lfuse)
 *(.hfuse)
 *(.efuse)

.lock
 *(.lock*)

.signature
 *(.signature*)

.user_signatures
 *(.user_signatures*)

.stab
 *(.stab)

.stabstr
 *(.stabstr)

.stab.excl
 *(.stab.excl)

.stab.exclstr
 *(.stab.exclstr)

.stab.index
 *(.stab.index)

.stab.indexstr
 *(.stab.indexstr)

.comment        0x00000000       0x30
 *(.comment)
 .comment       0x00000000       0x30 libs/CDC.o
                                 0x31 (size before relaxing)
 .comment       0x00000000       0x31 libs/HardwareSerial.o
 .comment       0x00000000       0x31 libs/HardwareSerial1.o
 .comment       0x00000000       0x31 libs/HID.o
 .comment       0x00000000       0x31 libs/hooks.o
 .comment       0x00000000       0x31 libs/IPAddress.o
 .comment       0x00000000       0x31 libs/Print.o
 .comment       0x00000000       0x31 libs/USBCore.o
 .comment       0x00000000       0x31 libs/WInterrupts.o
 .comment       0x00000000       0x31 libs/wiring.o
 .comment       0x00000000       0x31 power savings.o

.note.gnu.build-id
 *(.note.gnu.build-id)

.debug
 *(.debug)

.line
 *(.line)

.debug_srcinfo
 *(.debug_srcinfo)

.debug_sfnames
 *(.debug_sfnames)

.debug_aranges  0x00000000      0x4f0
 *(.debug_aranges)
 .debug_aranges
                0x00000000       0x80 libs/CDC.o
 .debug_aranges
                0x00000080       0x68 libs/HardwareSerial.o
 .debug_aranges
                0x000000e8       0x38 libs/HardwareSerial1.o
 .debug_aranges
                0x00000120       0xc8 libs/HID.o
 .debug_aranges
                0x000001e8       0x20 libs/hooks.o
 .debug_aranges
                0x00000208       0x60 libs/IPAddress.o
 .debug_aranges
                0x00000268       0xe8 libs/Print.o
 .debug_aranges
                0x00000350       0xc8 libs/USBCore.o
 .debug_aranges
                0x00000418       0x68 libs/WInterrupts.o
 .debug_aranges
                0x00000480       0x48 libs/wiring.o
 .debug_aranges
                0x000004c8       0x28 power savings.o

.debug_pubnames
 *(.debug_pubnames)

.debug_info     0x00000000     0xb557
 *(.debug_info .gnu.linkonce.wi.*)
 .debug_info    0x00000000     0x2105 libs/CDC.o
 .debug_info    0x00002105     0x1a42 libs/HardwareSerial.o
 .debug_info    0x00003b47     0x171e libs/HardwareSerial1.o
 .debug_info    0x00005265     0x116b libs/HID.o
 .debug_info    0x000063d0       0x3e libs/hooks.o
 .debug_info    0x0000640e      0x9a2 libs/IPAddress.o
 .debug_info    0x00006db0     0x25d0 libs/Print.o
 .debug_info    0x00009380     0x1722 libs/USBCore.o
 .debug_info    0x0000aaa2      0x2b8 libs/WInterrupts.o
 .debug_info    0x0000ad5a      0x2f4 libs/wiring.o
 .debug_info    0x0000b04e      0x509 power savings.o

.debug_abbrev   0x00000000     0x21df
 *(.debug_abbrev)
 .debug_abbrev  0x00000000      0x47f libs/CDC.o
 .debug_abbrev  0x0000047f      0x369 libs/HardwareSerial.o
 .debug_abbrev  0x000007e8      0x35d libs/HardwareSerial1.o
 .debug_abbrev  0x00000b45      0x52b libs/HID.o
 .debug_abbrev  0x00001070       0x2a libs/hooks.o
 .debug_abbrev  0x0000109a      0x34f libs/IPAddress.o
 .debug_abbrev  0x000013e9      0x3b9 libs/Print.o
 .debug_abbrev  0x000017a2      0x596 libs/USBCore.o
 .debug_abbrev  0x00001d38       0xe6 libs/WInterrupts.o
 .debug_abbrev  0x00001e1e      0x161 libs/wiring.o
 .debug_abbrev  0x00001f7f      0x260 power savings.o

.debug_line     0x00000000     0x1c39
 *(.debug_line .debug_line.* .debug_line_end)
 .debug_line    0x00000000      0x2d6 libs/CDC.o
 .debug_line    0x000002d6      0x2d3 libs/HardwareSerial.o
 .debug_line    0x000005a9      0x20a libs/HardwareSerial1.o
 .debug_line    0x000007b3      0x372 libs/HID.o
 .debug_line    0x00000b25       0x3c libs/hooks.o
 .debug_line    0x00000b61      0x247 libs/IPAddress.o
 .debug_line    0x00000da8      0x411 libs/Print.o
 .debug_line    0x000011b9      0x498 libs/USBCore.o
 .debug_line    0x00001651      0x1ad libs/WInterrupts.o
 .debug_line    0x000017fe      0x177 libs/wiring.o
 .debug_line    0x00001975      0x2c4 power savings.o

.debug_frame    0x00000000     0x10a8
 *(.debug_frame)
 .debug_frame   0x00000000      0x114 libs/CDC.o
 .debug_frame   0x00000114       0xf8 libs/HardwareSerial.o
 .debug_frame   0x0000020c       0xcc libs/HardwareSerial1.o
 .debug_frame   0x000002d8      0x1d0 libs/HID.o
 .debug_frame   0x000004a8       0x24 libs/hooks.o
 .debug_frame   0x000004cc       0xe8 libs/IPAddress.o
 .debug_frame   0x000005b4      0x3b8 libs/Print.o
 .debug_frame   0x0000096c      0x30c libs/USBCore.o
 .debug_frame   0x00000c78      0x2f4 libs/WInterrupts.o
 .debug_frame   0x00000f6c      0x108 libs/wiring.o
 .debug_frame   0x00001074       0x34 power savings.o

.debug_str      0x00000000     0x2684
 *(.debug_str)
 .debug_str     0x00000000     0x1272 libs/CDC.o
                               0x13c7 (size before relaxing)
 .debug_str     0x00001272      0x340 libs/HardwareSerial.o
                               0x1172 (size before relaxing)
 .debug_str     0x000015b2       0x4b libs/HardwareSerial1.o
                                0xf74 (size before relaxing)
 .debug_str     0x000015fd      0x365 libs/HID.o
                                0x765 (size before relaxing)
 .debug_str     0x00001962       0xad libs/hooks.o
                                 0xe6 (size before relaxing)
 .debug_str     0x00001a0f      0x24d libs/IPAddress.o
                                0x4ba (size before relaxing)
 .debug_str     0x00001c5c      0x335 libs/Print.o
                                0xe2a (size before relaxing)
 .debug_str     0x00001f91      0x4b0 libs/USBCore.o
                                0x8a4 (size before relaxing)
 .debug_str     0x00002441       0xc0 libs/WInterrupts.o
                                0x215 (size before relaxing)
 .debug_str     0x00002501       0x7b libs/wiring.o
                                0x1e8 (size before relaxing)
 .debug_str     0x0000257c      0x108 power savings.o
                                0x372 (size before relaxing)

.debug_loc      0x00000000     0x5084
 *(.debug_loc)
 .debug_loc     0x00000000      0x51d libs/CDC.o
 .debug_loc     0x0000051d      0x39e libs/HardwareSerial.o
 .debug_loc     0x000008bb      0x17b libs/HardwareSerial1.o
 .debug_loc     0x00000a36      0x951 libs/HID.o
 .debug_loc     0x00001387      0x27f libs/IPAddress.o
 .debug_loc     0x00001606     0x1f08 libs/Print.o
 .debug_loc     0x0000350e     0x10bf libs/USBCore.o
 .debug_loc     0x000045cd      0x820 libs/WInterrupts.o
 .debug_loc     0x00004ded      0x297 libs/wiring.o

.debug_macinfo
 *(.debug_macinfo)

.debug_weaknames
 *(.debug_weaknames)

.debug_funcnames
 *(.debug_funcnames)

.debug_typenames
 *(.debug_typenames)

.debug_varnames
 *(.debug_varnames)

.debug_pubtypes
 *(.debug_pubtypes)

.debug_ranges   0x00000000      0x5b0
 *(.debug_ranges)
 .debug_ranges  0x00000000       0x70 libs/CDC.o
 .debug_ranges  0x00000070       0x58 libs/HardwareSerial.o
 .debug_ranges  0x000000c8       0x28 libs/HardwareSerial1.o
 .debug_ranges  0x000000f0       0xb8 libs/HID.o
 .debug_ranges  0x000001a8       0x10 libs/hooks.o
 .debug_ranges  0x000001b8       0x68 libs/IPAddress.o
 .debug_ranges  0x00000220      0x150 libs/Print.o
 .debug_ranges  0x00000370      0x198 libs/USBCore.o
 .debug_ranges  0x00000508       0x58 libs/WInterrupts.o
 .debug_ranges  0x00000560       0x38 libs/wiring.o
 .debug_ranges  0x00000598       0x18 power savings.o

.debug_macro
 *(.debug_macro)
OUTPUT(power savings.elf elf32-avr)
LOAD linker stubs
